SUCCESS: AMCA Type C Spark Proof Construction is visible in the summary

Fan data 2 structure:
specifications:
    fan_model: BC-SW
    size: 270
    class: 1
    arrangement: 4
    vibration_isolators: dunlop
    custom_optional_items[]: AMCA Type C Spark Proof Construction
motor:
    brand: 
    kw: 0
    pole: 0
    efficiency: 
    discount_rate: 0
weights:
    total_weight: 300
    bare_fan_weight: 255
    accessory_weight: 45
costs:
    total_cost: 94000
    fabrication_cost: 63000
    bought_out_cost: 31000
    motor_cost: 0
    vibration_isolators_cost: 16000
    bearing_cost: 0
    drive_pack_cost: 0
    optional_items_cost: 15000
    total_selling_price: 140333.33

Verify 'custom_optional_items[]' in specifications: True
Value of 'custom_optional_items[]': AMCA Type C Spark Proof Construction

FAILURE: Array notation format does NOT work for custom optional items

Debug - Looking for custom optional items in array notation format:
Custom Optional Items - Only shown if they exist -->
                        
                        
                        <!-- Check for the array notation format for custom optional items -->
                        
                        <tr><td colspan="1" style="padding:0;"><div style="background-color:#e1f5fe; margin:5px 0; padding:5px 10px; border-radius:4px; border-left:3px solid #03a9f4;">
                            <strong>Custom Optional Items</strong>
                        </div>
